........................................................................ [ 14%]
........................................................................ [ 29%]
........................................................................ [ 44%]
........................................................................ [ 59%]
........................................................................ [ 74%]
........................................................................ [ 89%]
....................................................                     [100%]

---------- coverage: platform linux, python 3.12.13-final-0 ----------
Coverage XML written to file /verification/coverage.xml
Coverage JSON written to file /verification/coverage.json

484 passed, 28 warnings in 166.30s (0:02:46)
